// Jest Snapshot v1, https://goo.gl/fbAQLP

exports[`Aside component should render Aside component 1`] = `
<aside
  className="container"
>
  <h1
    className="h1"
  >
    Featured Categories
  </h1>
  <div
    className="aside-link"
  >
    <a
      className="aside-a"
      href="/sofas"
      onClick={[Function]}
    >
      Sofas
    </a>
  </div>
  <div
    className="aside-link"
  >
    <a
      className="aside-a"
      href="/chairs"
      onClick={[Function]}
    >
      Chairs
    </a>
  </div>
  <div
    className="aside-link"
  >
    <a
      className="aside-a"
      href="/beds"
      onClick={[Function]}
    >
      Beds
    </a>
  </div>
  <div
    className="aside-link"
  >
    <a
      className="aside-a"
      href="/tables"
      onClick={[Function]}
    >
      Tables
    </a>
  </div>
  <div
    className="aside-link"
  >
    <a
      className="aside-a"
      href="/sectionals"
      onClick={[Function]}
    >
      Sectionals
    </a>
  </div>
  <div
    className="aside-link"
  >
    <a
      className="aside-a"
      href="/benches"
      onClick={[Function]}
    >
      Benches
    </a>
  </div>
  <div
    className="aside-link"
  >
    <a
      className="aside-a"
      href="/nightstands"
      onClick={[Function]}
    >
      Nightstands
    </a>
  </div>
  <div
    className="aside-link"
  >
    <a
      className="aside-a"
      href="/wardrobes"
      onClick={[Function]}
    >
      Wardrobes
    </a>
  </div>
  <div
    className="aside-link"
  >
    <a
      className="aside-a"
      href="/bookcases"
      onClick={[Function]}
    >
      Bookcases
    </a>
  </div>
  <div
    className="aside-link"
  >
    <a
      className="aside-a"
      href="/desks"
      onClick={[Function]}
    >
      Desks
    </a>
  </div>
</aside>
`;
