// Jest Snapshot v1, https://goo.gl/fbAQLP

exports[`Header component should render authenticated 1`] = `
<header
  className="nav"
>
  <div
    className="container"
  >
    <div>
      <div
        className="tools-link"
      >
        <a
          className="tools-a"
          href="/about"
          onClick={[Function]}
        >
          About us
        </a>
      </div>
      <div
        className="tools-link"
      >
        <a
          className="tools-a"
          href="/contacts"
          onClick={[Function]}
        >
          Contact us
        </a>
      </div>
    </div>
    <div
      className="logo-link"
    >
      <a
        className="logo-a"
        href="/"
        onClick={[Function]}
      >
        Lerrax Design
      </a>
    </div>
    <div>
      <div
        className="tools-link"
      >
        <a
          className="tools-a"
          href="/login"
          onClick={[Function]}
        >
          Log in
        </a>
      </div>
      <div
        className="tools-link"
      >
        <a
          className="tools-a"
          href="/register"
          onClick={[Function]}
        >
          Sign up
        </a>
      </div>
    </div>
  </div>
  <div
    className="div"
  >
    <div
      className="header-link"
    >
      <a
        className="header-a"
        href="/sofas"
        onClick={[Function]}
      >
        Sofas
      </a>
    </div>
    <div
      className="header-link"
    >
      <a
        className="header-a"
        href="/chairs"
        onClick={[Function]}
      >
        Chairs
      </a>
    </div>
    <div
      className="header-link"
    >
      <a
        className="header-a"
        href="/beds"
        onClick={[Function]}
      >
        Beds
      </a>
    </div>
    <div
      className="header-link"
    >
      <a
        className="header-a"
        href="/tables"
        onClick={[Function]}
      >
        Tables
      </a>
    </div>
    <div
      className="header-link"
    >
      <a
        className="header-a"
        href="/sectionals"
        onClick={[Function]}
      >
        Sectionals
      </a>
    </div>
    <div
      className="header-link"
    >
      <a
        className="header-a"
        href="/benches"
        onClick={[Function]}
      >
        Benches
      </a>
    </div>
    <div
      className="header-link"
    >
      <a
        className="header-a"
        href="/nightstands"
        onClick={[Function]}
      >
        Nightstands
      </a>
    </div>
    <div
      className="header-link"
    >
      <a
        className="header-a"
        href="/wardrobes"
        onClick={[Function]}
      >
        Wardrobes
      </a>
    </div>
    <div
      className="header-link"
    >
      <a
        className="header-a"
        href="/bookcases"
        onClick={[Function]}
      >
        Bookcases
      </a>
    </div>
    <div
      className="header-link"
    >
      <a
        className="header-a"
        href="/desks"
        onClick={[Function]}
      >
        Desks
      </a>
    </div>
  </div>
</header>
`;

exports[`Header component should render non-authenticated 1`] = `
<header
  className="nav"
>
  <div
    className="container"
  >
    <div>
      <div
        className="tools-link"
      >
        <a
          className="tools-a"
          href="/about"
          onClick={[Function]}
        >
          About us
        </a>
      </div>
      <div
        className="tools-link"
      >
        <a
          className="tools-a"
          href="/contacts"
          onClick={[Function]}
        >
          Contact us
        </a>
      </div>
    </div>
    <div
      className="logo-link"
    >
      <a
        className="logo-a"
        href="/"
        onClick={[Function]}
      >
        Lerrax Design
      </a>
    </div>
    <div>
      <div
        className="tools-link"
      >
        <a
          className="tools-a"
          href="/login"
          onClick={[Function]}
        >
          Log in
        </a>
      </div>
      <div
        className="tools-link"
      >
        <a
          className="tools-a"
          href="/register"
          onClick={[Function]}
        >
          Sign up
        </a>
      </div>
    </div>
  </div>
  <div
    className="div"
  >
    <div
      className="header-link"
    >
      <a
        className="header-a"
        href="/sofas"
        onClick={[Function]}
      >
        Sofas
      </a>
    </div>
    <div
      className="header-link"
    >
      <a
        className="header-a"
        href="/chairs"
        onClick={[Function]}
      >
        Chairs
      </a>
    </div>
    <div
      className="header-link"
    >
      <a
        className="header-a"
        href="/beds"
        onClick={[Function]}
      >
        Beds
      </a>
    </div>
    <div
      className="header-link"
    >
      <a
        className="header-a"
        href="/tables"
        onClick={[Function]}
      >
        Tables
      </a>
    </div>
    <div
      className="header-link"
    >
      <a
        className="header-a"
        href="/sectionals"
        onClick={[Function]}
      >
        Sectionals
      </a>
    </div>
    <div
      className="header-link"
    >
      <a
        className="header-a"
        href="/benches"
        onClick={[Function]}
      >
        Benches
      </a>
    </div>
    <div
      className="header-link"
    >
      <a
        className="header-a"
        href="/nightstands"
        onClick={[Function]}
      >
        Nightstands
      </a>
    </div>
    <div
      className="header-link"
    >
      <a
        className="header-a"
        href="/wardrobes"
        onClick={[Function]}
      >
        Wardrobes
      </a>
    </div>
    <div
      className="header-link"
    >
      <a
        className="header-a"
        href="/bookcases"
        onClick={[Function]}
      >
        Bookcases
      </a>
    </div>
    <div
      className="header-link"
    >
      <a
        className="header-a"
        href="/desks"
        onClick={[Function]}
      >
        Desks
      </a>
    </div>
  </div>
</header>
`;
